// Jest Snapshot v1, https://goo.gl/fbAQLP

exports[`\`Content\` renders correctly 1`] = `
<div
  className="css-1nkmqjx"
>
  <p>
    First s
  </p>
</div>
`;
